0
0
0
0
0
0
--- Error (Explicit) ---
null pointer
