4
2
0
--- Error (Explicit) ---
array index out of bounds
